// Jest Snapshot v1, https://goo.gl/fbAQLP

exports[`Should Render Expense DashBoard Correctly 1`] = `
<div>
  404 
  <Link
    to="/"
  >
    Go Home
  </Link>
</div>
`;
